[www.theme.whiteorangesoftware.com/Metros/index.html]
[backblue.gif]
[fade.gif]
[index.html]
[www.theme.whiteorangesoftware.com/Metros/img/favicon.ico]
[www.theme.whiteorangesoftware.com/Metros/img/apple-touch-icon-72x72.png]
[www.theme.whiteorangesoftware.com/Metros/img/apple-touch-icon-114x114.png]
[www.theme.whiteorangesoftware.com/Metros/img/logo.png]
[www.theme.whiteorangesoftware.com/Metros/index-2.html]
[www.theme.whiteorangesoftware.com/Metros/about.html]
[www.theme.whiteorangesoftware.com/Metros/services.html]
[www.theme.whiteorangesoftware.com/Metros/pricing.html]
[www.theme.whiteorangesoftware.com/Metros/contact.html]
[www.theme.whiteorangesoftware.com/Metros/404.html]
[www.theme.whiteorangesoftware.com/Metros/blog.html]
[www.theme.whiteorangesoftware.com/Metros/elements.html]
[www.theme.whiteorangesoftware.com/Metros/blog-masonry.html]
[www.theme.whiteorangesoftware.com/Metros/single-post-1.html]
[www.theme.whiteorangesoftware.com/Metros/single-post-2.html]
[www.theme.whiteorangesoftware.com/Metros/img/hero/hero_slide_1.jpg]
[www.theme.whiteorangesoftware.com/Metros/img/hero/hero_slide_2.jpg]
[www.theme.whiteorangesoftware.com/Metros/img/hero/hero_slide_3.jpg]
[www.theme.whiteorangesoftware.com/Metros/img/promo/promo_img_1.jpg]
[www.theme.whiteorangesoftware.com/Metros/img/promo/promo_img_2.jpg]
[www.theme.whiteorangesoftware.com/Metros/img/testimonials/testimonial_1.jpg]
[www.theme.whiteorangesoftware.com/Metros/img/testimonials/testimonial_2.jpg]
[www.theme.whiteorangesoftware.com/Metros/img/testimonials/testimonial_3.jpg]
[www.theme.whiteorangesoftware.com/Metros/img/blog/masonry/blog_post_7.jpg]
[www.theme.whiteorangesoftware.com/Metros/img/blog/author.png]
[www.theme.whiteorangesoftware.com/Metros/img/blog/masonry/blog_post_8.jpg]
[www.theme.whiteorangesoftware.com/Metros/img/blog/masonry/blog_post_9.jpg]
[www.theme.whiteorangesoftware.com/Metros/img/cta/cta_img_1.jpg]
[www.theme.whiteorangesoftware.com/Metros/index.html]
[www.theme.whiteorangesoftware.com/Metros/css/bootstrap.min.css]
[www.theme.whiteorangesoftware.com/Metros/fonts/ui-icons15e5.woff2]
[www.theme.whiteorangesoftware.com/Metros/fonts/orion-font.woff2]
[www.theme.whiteorangesoftware.com/Metros/css/font-icons.css]
[www.theme.whiteorangesoftware.com/Metros/css/cookieconsent.min.css]
[www.theme.whiteorangesoftware.com/Metros/css/style.css]
[www.theme.whiteorangesoftware.com/Metros/img/logo-light.png]
[www.theme.whiteorangesoftware.com/Metros/img/hero/hero_home_2.jpg]
[www.theme.whiteorangesoftware.com/Metros/img/services/services_img_1.jpg]
[www.theme.whiteorangesoftware.com/Metros/img/services/services_img_2.jpg]
[www.theme.whiteorangesoftware.com/Metros/img/services/services_img_3.jpg]
[www.theme.whiteorangesoftware.com/Metros/img/services/services_img_4.jpg]
[www.theme.whiteorangesoftware.com/Metros/img/services/services_img_5.jpg]
[www.theme.whiteorangesoftware.com/Metros/img/promo/promo_video.jpg]
[www.theme.whiteorangesoftware.com/Metros/img/cta/cta_img_2.jpg]
[www.theme.whiteorangesoftware.com/Metros/img/team/team_1.jpg]
[www.theme.whiteorangesoftware.com/Metros/img/team/team_2.jpg]
[www.theme.whiteorangesoftware.com/Metros/img/team/team_3.jpg]
[www.theme.whiteorangesoftware.com/Metros/img/team/team_4.jpg]
[www.theme.whiteorangesoftware.com/Metros/index-2.html]
[www.theme.whiteorangesoftware.com/Metros/img/page_title/about_us.jpg]
[www.theme.whiteorangesoftware.com/Metros/img/pattern.png]
[www.theme.whiteorangesoftware.com/Metros/about.html]
[www.theme.whiteorangesoftware.com/Metros/img/page_title/services.jpg]
[www.theme.whiteorangesoftware.com/Metros/img/process/process_1.jpg]
[www.theme.whiteorangesoftware.com/Metros/img/process/process_2.jpg]
[www.theme.whiteorangesoftware.com/Metros/img/process/process_3.jpg]
[www.theme.whiteorangesoftware.com/Metros/img/partners/partner_logo_1.png]
[www.theme.whiteorangesoftware.com/Metros/img/partners/partner_logo_2.png]
[www.theme.whiteorangesoftware.com/Metros/img/partners/partner_logo_3.png]
[www.theme.whiteorangesoftware.com/Metros/img/partners/partner_logo_4.png]
[www.theme.whiteorangesoftware.com/Metros/img/partners/partner_logo_5.png]
[www.theme.whiteorangesoftware.com/Metros/img/partners/partner_logo_6.png]
[www.theme.whiteorangesoftware.com/Metros/img/partners/partner_logo_7.png]
[www.theme.whiteorangesoftware.com/Metros/img/partners/partner_logo_8.png]
[www.theme.whiteorangesoftware.com/Metros/services.html]
[www.theme.whiteorangesoftware.com/Metros/img/page_title/pricing.jpg]
[www.theme.whiteorangesoftware.com/Metros/img/money_back_badge.png]
[www.theme.whiteorangesoftware.com/Metros/pricing.html]
[www.theme.whiteorangesoftware.com/Metros/img/page_title/contact.jpg]
[www.theme.whiteorangesoftware.com/Metros/contact.html]
[www.theme.whiteorangesoftware.com/Metros/img/page_title/404.jpg]
[www.theme.whiteorangesoftware.com/Metros/404.html]
[www.theme.whiteorangesoftware.com/Metros/img/page_title/blog.jpg]
[www.theme.whiteorangesoftware.com/Metros/img/blog/standard/post_1.jpg]
[www.theme.whiteorangesoftware.com/Metros/img/blog/standard/post_2.jpg]
[www.theme.whiteorangesoftware.com/Metros/img/blog/standard/post_3.jpg]
[www.theme.whiteorangesoftware.com/Metros/img/blog/standard/post_4.jpg]
[www.theme.whiteorangesoftware.com/Metros/img/blog/standard/post_5.jpg]
[www.theme.whiteorangesoftware.com/Metros/img/blog/sidebar/popular_post_1.png]
[www.theme.whiteorangesoftware.com/Metros/img/blog/sidebar/popular_post_2.png]
[www.theme.whiteorangesoftware.com/Metros/img/blog/sidebar/popular_post_3.png]
[www.theme.whiteorangesoftware.com/Metros/img/blog/sidebar/popular_post_4.png]
[www.theme.whiteorangesoftware.com/Metros/img/blog/sidebar/placeholder_300.jpg]
[www.theme.whiteorangesoftware.com/Metros/blog.html]
[www.theme.whiteorangesoftware.com/Metros/icons.html]
[www.theme.whiteorangesoftware.com/Metros/elements.html]
[www.theme.whiteorangesoftware.com/Metros/img/blog/masonry/blog_post_1.jpg]
[www.theme.whiteorangesoftware.com/Metros/img/blog/masonry/blog_post_2.jpg]
[www.theme.whiteorangesoftware.com/Metros/img/blog/masonry/blog_post_3.jpg]
[www.theme.whiteorangesoftware.com/Metros/img/blog/masonry/blog_post_4.jpg]
[www.theme.whiteorangesoftware.com/Metros/img/blog/masonry/blog_post_5.jpg]
[www.theme.whiteorangesoftware.com/Metros/img/blog/masonry/blog_post_6.jpg]
[www.theme.whiteorangesoftware.com/Metros/blog-masonry.html]
[www.theme.whiteorangesoftware.com/Metros/img/blog/single/blog_featured.jpg]
[www.theme.whiteorangesoftware.com/Metros/img/blog/single/blog_single_img_1.jpg]
[www.theme.whiteorangesoftware.com/Metros/img/blog/single/blog_single_img_2.jpg]
[www.theme.whiteorangesoftware.com/Metros/img/blog/single/blog_single_img_3.jpg]
[www.theme.whiteorangesoftware.com/Metros/img/blog/single/blog_single_img_4.jpg]
[www.theme.whiteorangesoftware.com/Metros/img/blog/single/blog_single_img_5.jpg]
[www.theme.whiteorangesoftware.com/Metros/img/blog/single/comment_1.png]
[www.theme.whiteorangesoftware.com/Metros/img/blog/single/comment_2.png]
[www.theme.whiteorangesoftware.com/Metros/img/blog/single/comment_3.png]
[www.theme.whiteorangesoftware.com/Metros/img/blog/single/previous.jpg]
[www.theme.whiteorangesoftware.com/Metros/img/blog/single/next.jpg]
[www.theme.whiteorangesoftware.com/Metros/single-post-1.html]
[www.theme.whiteorangesoftware.com/Metros/single-post-2.html]
[www.theme.whiteorangesoftware.com/Metros/js/jquery.min.js]
[www.theme.whiteorangesoftware.com/Metros/js/bootstrap.min.js]
[www.theme.whiteorangesoftware.com/Metros/js/plugins.js]
[www.theme.whiteorangesoftware.com/Metros/js/scripts.js]
[www.theme.whiteorangesoftware.com/Metros/js/plugins/cookieconsent.min.js]
[www.theme.whiteorangesoftware.com/Metros/js/cookies.js]
[www.theme.whiteorangesoftware.com/Metros/img/apple-touch-icon.html]
[www.theme.whiteorangesoftware.com/Metros/fonts/ui-icons15e5.html]
[www.theme.whiteorangesoftware.com/Metros/fonts/ui-icons15e5-2.html]
[www.theme.whiteorangesoftware.com/Metros/fonts/ui-icons15e5-3.html]
[www.theme.whiteorangesoftware.com/Metros/fonts/ui-icons15e5-4.html]
[www.theme.whiteorangesoftware.com/Metros/fonts/orion-font.html]
[www.theme.whiteorangesoftware.com/Metros/fonts/orion-fontd41d.html]
[www.theme.whiteorangesoftware.com/Metros/fonts/orion-font-2.html]
[www.theme.whiteorangesoftware.com/Metros/fonts/orion-font-3.html]
[www.theme.whiteorangesoftware.com/Metros/fonts/orion-font-4.html]
[www.theme.whiteorangesoftware.com/Metros/popper.html]
